<UNEXPECTED(/)> TIMES THIS ID(is) ID(broken) ID(very) ID(broken) <UNEXPECTED(/)> <UNEXPECTED(/)> TIMES ID(should) ID(have) <UNEXPECTED(/)> TIMES TIMES TIMES TIMES TIMES TIMES TIMES TIMES ID(many) ID(problems) <UNEXPECTED(/)> <UNEXPECTED(/)> <UNEXPECTED(/)> <UNEXPECTED(/)> <UNEXPECTED(/)> <UNEXPECTED(/)> <UNEXPECTED(/)> ID(done) DOT 