Scanning BrokenComments.java...
<UNEXPECTED(/)> MULT THIS ID(is) ID(broken) ID(very) ID(broken) <UNEXPECTED(/)> <UNEXPECTED(/)> MULT ID(should) ID(have) <UNEXPECTED(/)> MULT MULT MULT MULT MULT MULT MULT MULT ID(many) ID(problems) <UNEXPECTED(/)> <UNEXPECTED(/)> <UNEXPECTED(/)> <UNEXPECTED(/)> <UNEXPECTED(/)> <UNEXPECTED(/)> <UNEXPECTED(/)> ID(done) DOT
