CLASS ID(Factorial) LCURL PUBLIC STATIC VOID MAIN LPAREN STRING LSQUARE RSQUARE ID(a) RPAREN LCURL PRINT LPAREN NEW ID(Fac) LPAREN RPAREN DOT ID(ComputeFac) LPAREN INT(10) RPAREN RPAREN SEMICOLON RCURL RCURL CLASS ID(Fac) LCURL <UNEXPECTED(_)> ID(test) PUBLIC INT ID(ComputeFac) LPAREN INT ID(num) RPAREN LCURL INT ID(num_aux) SEMICOLON IF LPAREN ID(num) LESS_THAN INT(1) RPAREN ID(num_aux) ASSIGN INT(1) SEMICOLON ELSE ID(num_aux) ASSIGN ID(num) TIMES LPAREN THIS DOT ID(ComputeFac) LPAREN ID(num) MINUS INT(1) RPAREN RPAREN SEMICOLON RETURN ID(num_aux) SEMICOLON RCURL DIV TIMES RCURL 