ID(Here) ID(are) ID(a) ID(few) ID(tricky) ID(comments) DOT ID(There) ID(should) ID(be) ID(no) ID(errors) ID(in) THIS ID(file) DOT ID(Comment) INT(1) ID(Comment) INT(2) ID(Comment) INT(3) ID(Comment) INT(4) ID(Comment) INT(5) ID(Comment) INT(6) ID(Comment) INT(7) ID(Comment) INT(8) ID(Comment) INT(9) ID(Comment) INT(10) ID(Comment) INT(11) ID(Comment) INT(12) ID(Done) 